[camperise.com/index.html]
[backblue.gif]
[fade.gif]
[index.html]
[camperise.com/wp-includes/js/jquery/jquery4a5f.js]
[camperise.com/wp-content/plugins/cookie-notice/js/front.min9e1e.js]
[www.google-analytics.com/analytics.js]
[camperise.com/wp-content/uploads/2015/10/favicon.png]
[camperise.com/wp-content/uploads/2015/10/C-logo-.png]
[i1.wp.com/camperise.com/wp-content/uploads/2015/11/1-NASL_Chile-Lago-Llanquihue_200-kbc913.jpg]
[i2.wp.com/camperise.com/wp-content/uploads/2015/11/1-NASL_abs-free-pic_winding-road_500-kb5398.jpg]
[mc.yandex.ru/metrika/watch.js]
[i1.wp.com/camperise.com/wp-content/uploads/2015/11/1-NASL_abs-free-pic_forest-road_550-kbd9e1.jpg]
[i0.wp.com/camperise.com/wp-content/uploads/2015/11/2-RV_P9260064-Umag_950-kb5398.jpg]
[i1.wp.com/camperise.com/wp-content/uploads/2015/11/2-RV_abs-free-pic_alone-journey_200-kb29be.jpg]
[i1.wp.com/camperise.com/wp-content/uploads/2015/11/2-RV_abs-free-pic_old-camper_400-kb1cf6.jpg]
[i0.wp.com/camperise.com/wp-content/uploads/2015/11/C-logo-rv0259.png]
[i2.wp.com/camperise.com/wp-content/uploads/2017/03/1_kamper-trazilicacb9d.png]
[i1.wp.com/camperise.com/wp-content/uploads/2015/11/3-AVIO_Pixabay_float-plane_500-kb7738.jpg]
[i2.wp.com/camperise.com/wp-content/uploads/2015/11/3-AVIO_morgue_file000691823415_200-kb29be.jpg]
[i1.wp.com/camperise.com/wp-content/uploads/2015/11/3-AVIO_morgue_file000215423251_400-kb5398.jpg]
[i0.wp.com/camperise.com/wp-content/uploads/2015/11/C-logo-avio0259.png]
[i2.wp.com/camperise.com/wp-content/uploads/2017/03/2_avio-trazilica-1024x118807e.png]
[i1.wp.com/camperise.com/wp-content/uploads/2015/11/4-OSIG_abs-free-pic_cheerful-family_500-kbac1a.jpg]
[i1.wp.com/camperise.com/wp-content/uploads/2015/11/4-OSIG_abs-free-pic_mother-and-baby-walking-on-the-sand_250-kb1ef1.jpg]
[i0.wp.com/camperise.com/wp-content/uploads/2015/11/4-OSIG_abs-free-pic_boy-is-learning-how-to-ride-a-bike_300-kb0dd6.jpg]
[i1.wp.com/camperise.com/wp-content/uploads/2015/11/C-logo-osig0259.png]
[i1.wp.com/camperise.com/wp-content/uploads/2017/03/3_osig-trazilicab02f.png]
[i1.wp.com/camperise.com/wp-content/uploads/2015/11/5-KAMP-Umag_P9220247_600-kb5398.jpg]
[i0.wp.com/camperise.com/wp-content/uploads/2015/11/5-KAMP-Umag_P9260064_350-kb5398.jpg]
[i2.wp.com/camperise.com/wp-content/uploads/2015/11/5-KAMP_Pixabay_camp_550-kb5398.jpg]
[i1.wp.com/camperise.com/wp-content/uploads/2015/11/C-logo-kamp0259.png]
[i2.wp.com/camperise.com/wp-content/uploads/2017/03/4_camps-eu-trazilica-1cb9d.png]
[i2.wp.com/camperise.com/wp-content/uploads/2017/03/7_camps-austral-trazilica3a4d.png]
[i0.wp.com/camperise.com/wp-content/uploads/2017/03/5_camps-usa-trazilicacb9d.png]
[i2.wp.com/camperise.com/wp-content/uploads/2015/11/6-OPREMA_abs-free-pic_explores-objects-on-the-table_250-kb29be.jpg]
[i1.wp.com/camperise.com/wp-content/uploads/2015/11/6-OPREMA_abs-free-pic_folded-map_300-kb29be.jpg]
[i0.wp.com/camperise.com/wp-content/uploads/2015/11/6-OPREMA_abs-free-pic_preparing-for-travel_350-kbfba6.jpg]
[i2.wp.com/camperise.com/wp-content/uploads/2015/11/C-logo-oprema0259.png]
[i1.wp.com/camperise.com/wp-content/uploads/2017/03/6_oprema-trazilicab3ec.png]
[i1.wp.com/camperise.com/wp-content/uploads/2015/11/C-logo-big-boje-1024x1255b44.png]
[i1.wp.com/camperise.com/wp-content/uploads/2016/03/C-mediji-bc-big.png]
[camperise.com/wp-content/plugins/jetpack/_inc/build/photon/photon.min1c52.js]
[camperise.com/wp-content/themes/parallax/themify/themify-builder/js/themify.builder.module.plugins2f91.js]
[camperise.com/wp-content/themes/parallax/themify/js/lightbox2f91.js]
[camperise.com/wp-content/themes/parallax/themify/js/main2f91.js]
[camperise.com/wp-content/plugins/contact-form-7/includes/js/scriptsbb49.js]
[www.google.com/recaptcha/api1616.js]
[camperise.com/wp-content/plugins/contact-form-7/modules/recaptcha/scriptbb49.js]
[camperise.com/wp-content/themes/parallax/js/isotope3dcb.js]
[camperise.com/wp-content/themes/parallax/js/infinitescroll3dcb.js]
[camperise.com/wp-content/themes/parallax/themify/js/backstretch3dcb.js]
[camperise.com/wp-content/themes/parallax/js/jquery.iframe-auto-height3dcb.js]
[camperise.com/wp-content/themes/parallax/js/themify.script3dcb.js]
[camperise.com/wp-content/themes/parallax/themify/js/themify.gallery3dcb.js]
[camperise.com/wp-content/themes/parallax/js/themify.gallery3dcb.js]
[camperise.com/wp-content/themes/parallax/js/themify.slidersection3dcb.js]
[camperise.com/wp-includes/js/comment-reply.min3dcb.js]
[camperise.com/wp-includes/js/wp-embed.min3dcb.js]
[camperise.com/index.html]
[camperise.com/feed/index.html]
[camperise.com/comments/feed/index.html]
[camperise.com/camperise-campers-and-travellers-support-hub/feed/index.html]
[camperise.com/wp-content/themes/parallax/themify/css/lightbox2f91.css]
[camperise.com/wp-includes/css/dist/block-library/style.min3dcb.css]
[camperise.com/wp-content/plugins/contact-form-7/images/ajax-loader.gif]
[stats.wp.com/e-202606.js]
[camperise.com/wp-content/plugins/contact-form-7/includes/css/stylesbb49.css]
[camperise.com/wp-content/plugins/cookie-notice/css/front.min3dcb.css]
[camperise.com/wp-content/themes/parallax/themify/css/themify.framework2f91.css]
[camperise.com/wp-content/themes/parallax/images/icon-zoom.png]
[camperise.com/wp-content/themes/parallax/images/load.gif]
[camperise.com/wp-content/themes/parallax/images/icon-author-comment.png]
[camperise.com/wp-content/themes/parallax/style3109.css]
[camperise.com/wp-content/themes/parallax/media-queries3dcb.css]
[camperise.com/wp-content/themes/parallax/themify/themify-icons/themify.eot]
[camperise.com/wp-content/themes/parallax/themify/themify-icons/themify.woff]
[camperise.com/wp-content/themes/parallax/themify/themify-icons/themify.ttf]
[camperise.com/wp-content/themes/parallax/themify/themify-icons/themify-icons3109.css]
[camperise.com/wp-content/themes/parallax/themify/fontawesome/fonts/fontawesome-webfont93e3.eot]
[camperise.com/wp-content/themes/parallax/themify/fontawesome/fonts/fontawesome-webfontd41d.eot]
[camperise.com/wp-content/themes/parallax/themify/fontawesome/fonts/fontawesome-webfont93e3.woff2]
[camperise.com/wp-content/themes/parallax/themify/fontawesome/fonts/fontawesome-webfont93e3.woff]
[camperise.com/wp-content/themes/parallax/themify/fontawesome/fonts/fontawesome-webfont93e3.ttf]
[camperise.com/wp-content/themes/parallax/themify/fontawesome/css/font-awesome.min2f91.css]
[camperise.com/wp-content/uploads/themify-customizer4c93.css]
[camperise.com/wp-content/uploads/themify-css/themify-builder-2780-generated3b78.css]
[camperise.com/wp-content/plugins/jetpack/modules/carousel/images/arrows.png]
[camperise.com/wp-content/plugins/jetpack/modules/carousel/images/arrows-2x.png]
[camperise.com/wp-content/plugins/jetpack/modules/carousel/images/carousel-spritee4da.png]
[camperise.com/wp-content/plugins/jetpack/modules/carousel/images/carousel-sprite-2xe4da.png]
[camperise.com/wp-content/plugins/jetpack/modules/shortcodes/img/slideshow-controls.png]
[camperise.com/wp-content/plugins/jetpack/modules/shortcodes/img/slideshow-controls-2x.png]
[camperise.com/wp-content/plugins/jetpack/modules/shortcodes/images/slide-nav.png]
[camperise.com/wp-content/plugins/jetpack/modules/shortcodes/images/expand.png]
[camperise.com/wp-content/plugins/jetpack/modules/shortcodes/images/collapse.png]
[secure.gravatar.com/images/grav-share-sprite.60.delayed]
[camperise.com/wp-content/plugins/jetpack/css/jetpackcc96.css]
[camperise.com/wp-json/index.html]
[camperise.com/wp-json/wp/v2/pages/2780.html]
[camperise.com/xmlrpc0db0.html]
[camperise.com/wp-includes/wlwmanifest.html]
[camperise.com/wp-json/oembed/1.0/embed395c.html]
[camperise.com/wp-json/oembed/1.0/embedd44a.html]
[camperise.com/wp-content/themes/parallax/themify/themify-icons/themify.svg]
[camperise.com/wp-content/themes/parallax/themify/fontawesome/fonts/fontawesome-webfont93e3.svg]
[secure.gravatar.com/images/grav-share-sprite.html]
